// Jest Snapshot v1, https://goo.gl/fbAQLP

exports[`<Link /> It should render as expected 1`] = `
<a
  className="normal"
  href="#"
  onMouseEnter={[Function]}
  onMouseLeave={[Function]}
>
  Follow us
</a>
`;

exports[`<Link /> It should render as expected 2`] = `
<a
  className="normal"
  href="#"
  onMouseEnter={[Function]}
  onMouseLeave={[Function]}
>
  Follow us
</a>
`;
